2026-08-31 21:58:39.732560 [NOTICE] [Context.cc:310] Downloading 20 item(s)
2026-08-31 21:58:50.305684 [NOTICE] [RequestGroup.cc:1214] Download complete: C:/Users/lizih/Documents/Paradox Interactive/Hearts of Iron IV/mod/TNO-submod-Dawn-Over-the-Pearl/output/imagegen/construction_previews/sources/01_sky_tower.jpg
2026-08-31 21:58:53.355259 [NOTICE] [RequestGroup.cc:1214] Download complete: C:/Users/lizih/Documents/Paradox Interactive/Hearts of Iron IV/mod/TNO-submod-Dawn-Over-the-Pearl/output/imagegen/construction_previews/sources/03_alice_dream_factory.jpg
2026-08-31 21:58:56.118298 [NOTICE] [RequestGroup.cc:1214] Download complete: C:/Users/lizih/Documents/Paradox Interactive/Hearts of Iron IV/mod/TNO-submod-Dawn-Over-the-Pearl/output/imagegen/construction_previews/sources/02_rose_garden.jpg
2026-08-31 21:58:56.330862 [ERROR] [AbstractCommand.cc:349] CUID#21 - Download aborted. URI=https://upload.wikimedia.org/wikipedia/commons/5/59/Wuguang_PDL_viaduct.JPG
Exception: [AbstractCommand.cc:351] errorCode=22 URI=https://upload.wikimedia.org/wikipedia/commons/5/59/Wuguang_PDL_viaduct.JPG
  -> [HttpSkipResponseCommand.cc:239] errorCode=22 The response status is not successful. status=429
2026-08-31 21:58:56.330862 [NOTICE] [RequestGroupMan.cc:424] Download GID#2e4eef5e7b26faab not complete: C:/Users/lizih/Documents/Paradox Interactive/Hearts of Iron IV/mod/TNO-submod-Dawn-Over-the-Pearl/output/imagegen/construction_previews/sources/05_guangdong_shinkansen.jpg
2026-08-31 21:58:56.537285 [ERROR] [AbstractCommand.cc:349] CUID#22 - Download aborted. URI=https://upload.wikimedia.org/wikipedia/commons/6/6b/Shantou_University_Auditorium.jpg
Exception: [AbstractCommand.cc:351] errorCode=22 URI=https://upload.wikimedia.org/wikipedia/commons/6/6b/Shantou_University_Auditorium.jpg
  -> [HttpSkipResponseCommand.cc:239] errorCode=22 The response status is not successful. status=429
2026-08-31 21:58:56.538292 [NOTICE] [RequestGroupMan.cc:424] Download GID#73f36b50f5a15551 not complete: C:/Users/lizih/Documents/Paradox Interactive/Hearts of Iron IV/mod/TNO-submod-Dawn-Over-the-Pearl/output/imagegen/construction_previews/sources/06_chaoshan_university.jpg
2026-08-31 21:58:57.194095 [ERROR] [AbstractCommand.cc:349] CUID#23 - Download aborted. URI=https://upload.wikimedia.org/wikipedia/commons/6/68/%E6%B2%B3%E6%BA%90%E5%B8%82%E6%96%B0%E4%B8%B0%E6%B1%9F%E5%A4%A7%E5%9D%9D_-_panoramio.jpg
Exception: [AbstractCommand.cc:351] errorCode=22 URI=https://upload.wikimedia.org/wikipedia/commons/6/68/%E6%B2%B3%E6%BA%90%E5%B8%82%E6%96%B0%E4%B8%B0%E6%B1%9F%E5%A4%A7%E5%9D%9D_-_panoramio.jpg
  -> [HttpSkipResponseCommand.cc:239] errorCode=22 The response status is not successful. status=429
2026-08-31 21:58:57.194095 [NOTICE] [RequestGroupMan.cc:424] Download GID#fcb55ce3d3d4929d not complete: C:/Users/lizih/Documents/Paradox Interactive/Hearts of Iron IV/mod/TNO-submod-Dawn-Over-the-Pearl/output/imagegen/construction_previews/sources/07_mountain_reservoirs.jpg
2026-08-31 21:58:57.402673 [ERROR] [AbstractCommand.cc:349] CUID#24 - Download aborted. URI=https://upload.wikimedia.org/wikipedia/commons/thumb/4/4b/01-rice_combine_harvester.jpg/3840px-01-rice_combine_harvester.jpg
Exception: [AbstractCommand.cc:351] errorCode=22 URI=https://upload.wikimedia.org/wikipedia/commons/thumb/4/4b/01-rice_combine_harvester.jpg/3840px-01-rice_combine_harvester.jpg
  -> [HttpSkipResponseCommand.cc:239] errorCode=22 The response status is not successful. status=429
2026-08-31 21:58:57.403777 [NOTICE] [RequestGroupMan.cc:424] Download GID#32c67a14247a208e not complete: C:/Users/lizih/Documents/Paradox Interactive/Hearts of Iron IV/mod/TNO-submod-Dawn-Over-the-Pearl/output/imagegen/construction_previews/sources/08_western_guangdong_granary.jpg
2026-08-31 21:58:58.387781 [ERROR] [AbstractCommand.cc:349] CUID#25 - Download aborted. URI=https://upload.wikimedia.org/wikipedia/commons/4/49/Panama_Canal_under_construction%2C_1907.jpg
Exception: [AbstractCommand.cc:351] errorCode=22 URI=https://upload.wikimedia.org/wikipedia/commons/4/49/Panama_Canal_under_construction%2C_1907.jpg
  -> [HttpSkipResponseCommand.cc:239] errorCode=22 The response status is not successful. status=429
2026-08-31 21:58:58.387781 [NOTICE] [RequestGroupMan.cc:424] Download GID#b573c71e37df0da0 not complete: C:/Users/lizih/Documents/Paradox Interactive/Hearts of Iron IV/mod/TNO-submod-Dawn-Over-the-Pearl/output/imagegen/construction_previews/sources/09_pinglu_canal.jpg
2026-08-31 21:59:01.354766 [NOTICE] [RequestGroup.cc:1214] Download complete: C:/Users/lizih/Documents/Paradox Interactive/Hearts of Iron IV/mod/TNO-submod-Dawn-Over-the-Pearl/output/imagegen/construction_previews/sources/04_daya_bay_nuclear_plant.jpg
2026-08-31 21:59:02.090204 [NOTICE] [RequestGroup.cc:1214] Download complete: C:/Users/lizih/Documents/Paradox Interactive/Hearts of Iron IV/mod/TNO-submod-Dawn-Over-the-Pearl/output/imagegen/construction_previews/sources/11_wenchang_space_center.jpg
2026-08-31 21:59:02.174222 [ERROR] [AbstractCommand.cc:349] CUID#28 - Download aborted. URI=https://upload.wikimedia.org/wikipedia/commons/8/80/Guangxi_University_of_Finance_and_Economics%2C_Xiangsihu_campus_%2820240216183717%29.jpg
Exception: [AbstractCommand.cc:351] errorCode=22 URI=https://upload.wikimedia.org/wikipedia/commons/8/80/Guangxi_University_of_Finance_and_Economics%2C_Xiangsihu_campus_%2820240216183717%29.jpg
  -> [HttpSkipResponseCommand.cc:239] errorCode=22 The response status is not successful. status=429
2026-08-31 21:59:02.174222 [NOTICE] [RequestGroupMan.cc:424] Download GID#0c4f2f3328da2d5c not complete: C:/Users/lizih/Documents/Paradox Interactive/Hearts of Iron IV/mod/TNO-submod-Dawn-Over-the-Pearl/output/imagegen/construction_previews/sources/12_guangxi_industrial_institute.jpg
2026-08-31 21:59:02.255881 [ERROR] [AbstractCommand.cc:349] CUID#29 - Download aborted. URI=https://upload.wikimedia.org/wikipedia/commons/thumb/e/e0/The_Lanhai_Expressway_Qinjiang_Bridge_in_Guangxi.jpg/3840px-The_Lanhai_Expressway_Qinjiang_Bridge_in_Guangxi.jpg
Exception: [AbstractCommand.cc:351] errorCode=22 URI=https://upload.wikimedia.org/wikipedia/commons/thumb/e/e0/The_Lanhai_Expressway_Qinjiang_Bridge_in_Guangxi.jpg/3840px-The_Lanhai_Expressway_Qinjiang_Bridge_in_Guangxi.jpg
  -> [HttpSkipResponseCommand.cc:239] errorCode=22 The response status is not successful. status=429
2026-08-31 21:59:02.255881 [NOTICE] [RequestGroupMan.cc:424] Download GID#ed9e87022d14be14 not complete: C:/Users/lizih/Documents/Paradox Interactive/Hearts of Iron IV/mod/TNO-submod-Dawn-Over-the-Pearl/output/imagegen/construction_previews/sources/13_guangxi_expressway.jpg
2026-08-31 21:59:02.444007 [ERROR] [AbstractCommand.cc:349] CUID#30 - Download aborted. URI=https://upload.wikimedia.org/wikipedia/commons/thumb/5/53/Chengyang_Yongji_Bridge%2C_Guangxi.jpg/3840px-Chengyang_Yongji_Bridge%2C_Guangxi.jpg
Exception: [AbstractCommand.cc:351] errorCode=22 URI=https://upload.wikimedia.org/wikipedia/commons/thumb/5/53/Chengyang_Yongji_Bridge%2C_Guangxi.jpg/3840px-Chengyang_Yongji_Bridge%2C_Guangxi.jpg
  -> [HttpSkipResponseCommand.cc:239] errorCode=22 The response status is not successful. status=429
2026-08-31 21:59:02.444007 [NOTICE] [RequestGroupMan.cc:424] Download GID#07239750cb570b8e not complete: C:/Users/lizih/Documents/Paradox Interactive/Hearts of Iron IV/mod/TNO-submod-Dawn-Over-the-Pearl/output/imagegen/construction_previews/sources/14_nanyue_folk_park.jpg
2026-08-31 21:59:02.530923 [ERROR] [AbstractCommand.cc:349] CUID#31 - Download aborted. URI=https://upload.wikimedia.org/wikipedia/commons/8/8c/Li_River_cruise_from_Guilin_to_Yangshuo.JPG
Exception: [AbstractCommand.cc:351] errorCode=22 URI=https://upload.wikimedia.org/wikipedia/commons/8/8c/Li_River_cruise_from_Guilin_to_Yangshuo.JPG
  -> [HttpSkipResponseCommand.cc:239] errorCode=22 The response status is not successful. status=429
2026-08-31 21:59:02.530923 [NOTICE] [RequestGroupMan.cc:424] Download GID#fc2de1a9926f2006 not complete: C:/Users/lizih/Documents/Paradox Interactive/Hearts of Iron IV/mod/TNO-submod-Dawn-Over-the-Pearl/output/imagegen/construction_previews/sources/15_lijiang_waterway.jpg
2026-08-31 21:59:02.614291 [ERROR] [AbstractCommand.cc:349] CUID#32 - Download aborted. URI=https://upload.wikimedia.org/wikipedia/commons/thumb/b/b7/The_main_gate_of_Friendship_Pass_in_China.jpg/3840px-The_main_gate_of_Friendship_Pass_in_China.jpg
Exception: [AbstractCommand.cc:351] errorCode=22 URI=https://upload.wikimedia.org/wikipedia/commons/thumb/b/b7/The_main_gate_of_Friendship_Pass_in_China.jpg/3840px-The_main_gate_of_Friendship_Pass_in_China.jpg
  -> [HttpSkipResponseCommand.cc:239] errorCode=22 The response status is not successful. status=429
2026-08-31 21:59:02.614291 [NOTICE] [RequestGroupMan.cc:424] Download GID#ef12dd1fab0f7ca1 not complete: C:/Users/lizih/Documents/Paradox Interactive/Hearts of Iron IV/mod/TNO-submod-Dawn-Over-the-Pearl/output/imagegen/construction_previews/sources/16_friendship_pass.jpg
2026-08-31 21:59:02.695616 [ERROR] [AbstractCommand.cc:349] CUID#33 - Download aborted. URI=https://upload.wikimedia.org/wikipedia/commons/thumb/d/d2/Shanghai_Maglev_2.jpg/3840px-Shanghai_Maglev_2.jpg
Exception: [AbstractCommand.cc:351] errorCode=22 URI=https://upload.wikimedia.org/wikipedia/commons/thumb/d/d2/Shanghai_Maglev_2.jpg/3840px-Shanghai_Maglev_2.jpg
  -> [HttpSkipResponseCommand.cc:239] errorCode=22 The response status is not successful. status=429
2026-08-31 21:59:02.695616 [NOTICE] [RequestGroupMan.cc:424] Download GID#2a841f38dfa3f036 not complete: C:/Users/lizih/Documents/Paradox Interactive/Hearts of Iron IV/mod/TNO-submod-Dawn-Over-the-Pearl/output/imagegen/construction_previews/sources/17_prd_maglev.jpg
2026-08-31 21:59:03.199528 [ERROR] [AbstractCommand.cc:349] CUID#34 - Download aborted. URI=https://upload.wikimedia.org/wikipedia/commons/thumb/e/ea/Jieyang_Chaoshan_Airport.JPG/3840px-Jieyang_Chaoshan_Airport.JPG
Exception: [AbstractCommand.cc:351] errorCode=22 URI=https://upload.wikimedia.org/wikipedia/commons/thumb/e/ea/Jieyang_Chaoshan_Airport.JPG/3840px-Jieyang_Chaoshan_Airport.JPG
  -> [HttpSkipResponseCommand.cc:239] errorCode=22 The response status is not successful. status=429
2026-08-31 21:59:03.200525 [NOTICE] [RequestGroupMan.cc:424] Download GID#73765b2356199fa3 not complete: C:/Users/lizih/Documents/Paradox Interactive/Hearts of Iron IV/mod/TNO-submod-Dawn-Over-the-Pearl/output/imagegen/construction_previews/sources/18_shantou_integration.jpg
2026-08-31 21:59:03.282062 [ERROR] [AbstractCommand.cc:349] CUID#35 - Download aborted. URI=https://upload.wikimedia.org/wikipedia/commons/e/ea/Beverley-uranium-mine-plant.jpg
Exception: [AbstractCommand.cc:351] errorCode=22 URI=https://upload.wikimedia.org/wikipedia/commons/e/ea/Beverley-uranium-mine-plant.jpg
  -> [HttpSkipResponseCommand.cc:239] errorCode=22 The response status is not successful. status=429
2026-08-31 21:59:03.283536 [NOTICE] [RequestGroupMan.cc:424] Download GID#a456663902a59ea8 not complete: C:/Users/lizih/Documents/Paradox Interactive/Hearts of Iron IV/mod/TNO-submod-Dawn-Over-the-Pearl/output/imagegen/construction_previews/sources/19_granite_uranium_mining.jpg
2026-08-31 21:59:03.366087 [ERROR] [AbstractCommand.cc:349] CUID#36 - Download aborted. URI=https://upload.wikimedia.org/wikipedia/commons/b/b5/Refinery%2C_Bayport_Industrial_Complex%2C_Harris_County%2C_Texas.jpg
Exception: [AbstractCommand.cc:351] errorCode=22 URI=https://upload.wikimedia.org/wikipedia/commons/b/b5/Refinery%2C_Bayport_Industrial_Complex%2C_Harris_County%2C_Texas.jpg
  -> [HttpSkipResponseCommand.cc:239] errorCode=22 The response status is not successful. status=429
2026-08-31 21:59:03.366087 [NOTICE] [RequestGroupMan.cc:424] Download GID#2e95b7a74b1c0418 not complete: C:/Users/lizih/Documents/Paradox Interactive/Hearts of Iron IV/mod/TNO-submod-Dawn-Over-the-Pearl/output/imagegen/construction_previews/sources/20_shale_oil_refineries.jpg
2026-08-31 21:59:08.947156 [NOTICE] [RequestGroup.cc:1214] Download complete: C:/Users/lizih/Documents/Paradox Interactive/Hearts of Iron IV/mod/TNO-submod-Dawn-Over-the-Pearl/output/imagegen/construction_previews/sources/10_south_china_sea_oil.jpg
2026-08-31 22:01:24.858362 [NOTICE] [Context.cc:310] Downloading 14 item(s)
2026-08-31 22:01:26.132804 [NOTICE] [HttpResponse.cc:168] CUID#7 - Redirecting to https://upload.wikimedia.org/wikipedia/commons/thumb/5/59/Wuguang_PDL_viaduct.JPG/1920px-Wuguang_PDL_viaduct.JPG?utm_source=commons.wikimedia.org&utm_campaign=index&utm_content=thumbnail
2026-08-31 22:01:30.403009 [NOTICE] [RequestGroup.cc:1214] Download complete: C:/Users/lizih/Documents/Paradox Interactive/Hearts of Iron IV/mod/TNO-submod-Dawn-Over-the-Pearl/output/imagegen/construction_previews/sources/05_guangdong_shinkansen.jpg
2026-08-31 22:01:31.597766 [NOTICE] [HttpResponse.cc:168] CUID#10 - Redirecting to https://upload.wikimedia.org/wikipedia/commons/thumb/6/6b/Shantou_University_Auditorium.jpg/1920px-Shantou_University_Auditorium.jpg?utm_source=commons.wikimedia.org&utm_campaign=index&utm_content=thumbnail
2026-08-31 22:01:36.840368 [NOTICE] [RequestGroup.cc:1214] Download complete: C:/Users/lizih/Documents/Paradox Interactive/Hearts of Iron IV/mod/TNO-submod-Dawn-Over-the-Pearl/output/imagegen/construction_previews/sources/06_chaoshan_university.jpg
2026-08-31 22:01:37.313167 [NOTICE] [HttpResponse.cc:168] CUID#11 - Redirecting to https://upload.wikimedia.org/wikipedia/commons/6/68/%E6%B2%B3%E6%BA%90%E5%B8%82%E6%96%B0%E4%B8%B0%E6%B1%9F%E5%A4%A7%E5%9D%9D_-_panoramio.jpg?utm_source=commons.wikimedia.org&utm_campaign=index&utm_content=thumbnail_unscaled
2026-08-31 22:01:37.501826 [ERROR] [AbstractCommand.cc:349] CUID#11 - Download aborted. URI=https://commons.wikimedia.org/wiki/Special:Redirect/file/%E6%B2%B3%E6%BA%90%E5%B8%82%E6%96%B0%E4%B8%B0%E6%B1%9F%E5%A4%A7%E5%9D%9D%20-%20panoramio.jpg?width=1600
Exception: [AbstractCommand.cc:351] errorCode=22 URI=https://upload.wikimedia.org/wikipedia/commons/6/68/%E6%B2%B3%E6%BA%90%E5%B8%82%E6%96%B0%E4%B8%B0%E6%B1%9F%E5%A4%A7%E5%9D%9D_-_panoramio.jpg?utm_source=commons.wikimedia.org&utm_campaign=index&utm_content=thumbnail_unscaled
  -> [HttpSkipResponseCommand.cc:239] errorCode=22 The response status is not successful. status=429
2026-08-31 22:01:37.501826 [NOTICE] [RequestGroupMan.cc:424] Download GID#0409cc2e57039f44 not complete: C:/Users/lizih/Documents/Paradox Interactive/Hearts of Iron IV/mod/TNO-submod-Dawn-Over-the-Pearl/output/imagegen/construction_previews/sources/07_mountain_reservoirs.jpg
2026-08-31 22:01:37.932170 [NOTICE] [HttpResponse.cc:168] CUID#12 - Redirecting to https://upload.wikimedia.org/wikipedia/commons/thumb/4/4b/01-rice_combine_harvester.jpg/1920px-01-rice_combine_harvester.jpg?utm_source=commons.wikimedia.org&utm_campaign=index&utm_content=thumbnail
2026-08-31 22:01:45.026431 [NOTICE] [RequestGroup.cc:1214] Download complete: C:/Users/lizih/Documents/Paradox Interactive/Hearts of Iron IV/mod/TNO-submod-Dawn-Over-the-Pearl/output/imagegen/construction_previews/sources/08_western_guangdong_granary.jpg
2026-08-31 22:01:45.485070 [NOTICE] [HttpResponse.cc:168] CUID#13 - Redirecting to https://upload.wikimedia.org/wikipedia/commons/4/49/Panama_Canal_under_construction%2C_1907.jpg?utm_source=commons.wikimedia.org&utm_campaign=index&utm_content=thumbnail_unscaled
2026-08-31 22:01:45.739536 [ERROR] [AbstractCommand.cc:349] CUID#13 - Download aborted. URI=https://commons.wikimedia.org/wiki/Special:Redirect/file/Panama%20Canal%20under%20construction%2C%201907.jpg?width=1600
Exception: [AbstractCommand.cc:351] errorCode=22 URI=https://upload.wikimedia.org/wikipedia/commons/4/49/Panama_Canal_under_construction%2C_1907.jpg?utm_source=commons.wikimedia.org&utm_campaign=index&utm_content=thumbnail_unscaled
  -> [HttpSkipResponseCommand.cc:239] errorCode=22 The response status is not successful. status=429
2026-08-31 22:01:45.739536 [NOTICE] [RequestGroupMan.cc:424] Download GID#ff8e232b814191f1 not complete: C:/Users/lizih/Documents/Paradox Interactive/Hearts of Iron IV/mod/TNO-submod-Dawn-Over-the-Pearl/output/imagegen/construction_previews/sources/09_pinglu_canal.jpg
2026-08-31 22:01:46.674262 [NOTICE] [HttpResponse.cc:168] CUID#14 - Redirecting to https://upload.wikimedia.org/wikipedia/commons/thumb/8/80/Guangxi_University_of_Finance_and_Economics%2C_Xiangsihu_campus_%2820240216183717%29.jpg/1920px-Guangxi_University_of_Finance_and_Economics%2C_Xiangsihu_campus_%2820240216183717%29.jpg?utm_source=commons.wikimedia.org&utm_campaign=index&utm_content=thumbnail
2026-08-31 22:01:55.350853 [NOTICE] [RequestGroup.cc:1214] Download complete: C:/Users/lizih/Documents/Paradox Interactive/Hearts of Iron IV/mod/TNO-submod-Dawn-Over-the-Pearl/output/imagegen/construction_previews/sources/12_guangxi_industrial_institute.jpg
2026-08-31 22:01:55.792878 [NOTICE] [HttpResponse.cc:168] CUID#15 - Redirecting to https://upload.wikimedia.org/wikipedia/commons/thumb/e/e0/The_Lanhai_Expressway_Qinjiang_Bridge_in_Guangxi.jpg/1920px-The_Lanhai_Expressway_Qinjiang_Bridge_in_Guangxi.jpg?utm_source=commons.wikimedia.org&utm_campaign=index&utm_content=thumbnail
2026-08-31 22:02:01.728246 [NOTICE] [RequestGroup.cc:1214] Download complete: C:/Users/lizih/Documents/Paradox Interactive/Hearts of Iron IV/mod/TNO-submod-Dawn-Over-the-Pearl/output/imagegen/construction_previews/sources/13_guangxi_expressway.jpg
2026-08-31 22:02:02.226599 [NOTICE] [HttpResponse.cc:168] CUID#16 - Redirecting to https://upload.wikimedia.org/wikipedia/commons/thumb/5/53/Chengyang_Yongji_Bridge%2C_Guangxi.jpg/1920px-Chengyang_Yongji_Bridge%2C_Guangxi.jpg?utm_source=commons.wikimedia.org&utm_campaign=index&utm_content=thumbnail
2026-08-31 22:02:09.376057 [NOTICE] [RequestGroup.cc:1214] Download complete: C:/Users/lizih/Documents/Paradox Interactive/Hearts of Iron IV/mod/TNO-submod-Dawn-Over-the-Pearl/output/imagegen/construction_previews/sources/14_nanyue_folk_park.jpg
2026-08-31 22:02:09.838254 [NOTICE] [HttpResponse.cc:168] CUID#17 - Redirecting to https://upload.wikimedia.org/wikipedia/commons/thumb/8/8c/Li_River_cruise_from_Guilin_to_Yangshuo.JPG/1920px-Li_River_cruise_from_Guilin_to_Yangshuo.JPG?utm_source=commons.wikimedia.org&utm_campaign=index&utm_content=thumbnail
2026-08-31 22:02:15.413269 [NOTICE] [RequestGroup.cc:1214] Download complete: C:/Users/lizih/Documents/Paradox Interactive/Hearts of Iron IV/mod/TNO-submod-Dawn-Over-the-Pearl/output/imagegen/construction_previews/sources/15_lijiang_waterway.jpg
2026-08-31 22:02:16.313028 [NOTICE] [HttpResponse.cc:168] CUID#18 - Redirecting to https://upload.wikimedia.org/wikipedia/commons/thumb/b/b7/The_main_gate_of_Friendship_Pass_in_China.jpg/1920px-The_main_gate_of_Friendship_Pass_in_China.jpg?utm_source=commons.wikimedia.org&utm_campaign=index&utm_content=thumbnail
2026-08-31 22:02:23.623239 [NOTICE] [RequestGroup.cc:1214] Download complete: C:/Users/lizih/Documents/Paradox Interactive/Hearts of Iron IV/mod/TNO-submod-Dawn-Over-the-Pearl/output/imagegen/construction_previews/sources/16_friendship_pass.jpg
2026-08-31 22:02:24.512409 [NOTICE] [HttpResponse.cc:168] CUID#19 - Redirecting to https://upload.wikimedia.org/wikipedia/commons/thumb/d/d2/Shanghai_Maglev_2.jpg/1920px-Shanghai_Maglev_2.jpg?utm_source=commons.wikimedia.org&utm_campaign=index&utm_content=thumbnail
2026-08-31 22:02:28.472177 [NOTICE] [RequestGroup.cc:1214] Download complete: C:/Users/lizih/Documents/Paradox Interactive/Hearts of Iron IV/mod/TNO-submod-Dawn-Over-the-Pearl/output/imagegen/construction_previews/sources/17_prd_maglev.jpg
2026-08-31 22:02:28.905304 [NOTICE] [HttpResponse.cc:168] CUID#20 - Redirecting to https://upload.wikimedia.org/wikipedia/commons/thumb/e/ea/Jieyang_Chaoshan_Airport.JPG/1920px-Jieyang_Chaoshan_Airport.JPG?utm_source=commons.wikimedia.org&utm_campaign=index&utm_content=thumbnail
2026-08-31 22:02:31.695189 [NOTICE] [RequestGroup.cc:1214] Download complete: C:/Users/lizih/Documents/Paradox Interactive/Hearts of Iron IV/mod/TNO-submod-Dawn-Over-the-Pearl/output/imagegen/construction_previews/sources/18_shantou_integration.jpg
2026-08-31 22:02:32.165368 [NOTICE] [HttpResponse.cc:168] CUID#21 - Redirecting to https://upload.wikimedia.org/wikipedia/commons/e/ea/Beverley-uranium-mine-plant.jpg?utm_source=commons.wikimedia.org&utm_campaign=index&utm_content=thumbnail_unscaled
2026-08-31 22:02:32.930578 [ERROR] [AbstractCommand.cc:349] CUID#21 - Download aborted. URI=https://commons.wikimedia.org/wiki/Special:Redirect/file/Beverley-uranium-mine-plant.jpg?width=1600
Exception: [AbstractCommand.cc:351] errorCode=22 URI=https://upload.wikimedia.org/wikipedia/commons/e/ea/Beverley-uranium-mine-plant.jpg?utm_source=commons.wikimedia.org&utm_campaign=index&utm_content=thumbnail_unscaled
  -> [HttpSkipResponseCommand.cc:239] errorCode=22 The response status is not successful. status=429
2026-08-31 22:02:32.930578 [NOTICE] [RequestGroupMan.cc:424] Download GID#2159de7fe6aa82df not complete: C:/Users/lizih/Documents/Paradox Interactive/Hearts of Iron IV/mod/TNO-submod-Dawn-Over-the-Pearl/output/imagegen/construction_previews/sources/19_granite_uranium_mining.jpg
2026-08-31 22:02:33.379058 [NOTICE] [HttpResponse.cc:168] CUID#22 - Redirecting to https://upload.wikimedia.org/wikipedia/commons/thumb/b/b5/Refinery%2C_Bayport_Industrial_Complex%2C_Harris_County%2C_Texas.jpg/1920px-Refinery%2C_Bayport_Industrial_Complex%2C_Harris_County%2C_Texas.jpg?utm_source=commons.wikimedia.org&utm_campaign=index&utm_content=thumbnail
2026-08-31 22:02:33.573074 [ERROR] [AbstractCommand.cc:349] CUID#22 - Download aborted. URI=https://commons.wikimedia.org/wiki/Special:Redirect/file/Refinery%2C%20Bayport%20Industrial%20Complex%2C%20Harris%20County%2C%20Texas.jpg?width=1600
Exception: [AbstractCommand.cc:351] errorCode=22 URI=https://upload.wikimedia.org/wikipedia/commons/thumb/b/b5/Refinery%2C_Bayport_Industrial_Complex%2C_Harris_County%2C_Texas.jpg/1920px-Refinery%2C_Bayport_Industrial_Complex%2C_Harris_County%2C_Texas.jpg?utm_source=commons.wikimedia.org&utm_campaign=index&utm_content=thumbnail
  -> [HttpSkipResponseCommand.cc:239] errorCode=22 The response status is not successful. status=429
2026-08-31 22:02:33.573074 [NOTICE] [RequestGroupMan.cc:424] Download GID#a2e678a1620e103a not complete: C:/Users/lizih/Documents/Paradox Interactive/Hearts of Iron IV/mod/TNO-submod-Dawn-Over-the-Pearl/output/imagegen/construction_previews/sources/20_shale_oil_refineries.jpg
2026-08-31 22:05:41.627406 [NOTICE] [Context.cc:310] Downloading 4 item(s)
2026-08-31 22:05:45.859057 [NOTICE] [HttpResponse.cc:168] CUID#7 - Redirecting to https://upload.wikimedia.org/wikipedia/commons/thumb/6/68/%E6%B2%B3%E6%BA%90%E5%B8%82%E6%96%B0%E4%B8%B0%E6%B1%9F%E5%A4%A7%E5%9D%9D_-_panoramio.jpg/1280px-%E6%B2%B3%E6%BA%90%E5%B8%82%E6%96%B0%E4%B8%B0%E6%B1%9F%E5%A4%A7%E5%9D%9D_-_panoramio.jpg?utm_source=commons.wikimedia.org&utm_campaign=index&utm_content=thumbnail
2026-08-31 22:06:08.714527 [ERROR] [AbstractCommand.cc:349] CUID#7 - Download aborted. URI=https://commons.wikimedia.org/wiki/Special:Redirect/file/%E6%B2%B3%E6%BA%90%E5%B8%82%E6%96%B0%E4%B8%B0%E6%B1%9F%E5%A4%A7%E5%9D%9D%20-%20panoramio.jpg?width=1200
Exception: [AbstractCommand.cc:351] errorCode=1 URI=https://upload.wikimedia.org/wikipedia/commons/thumb/6/68/%E6%B2%B3%E6%BA%90%E5%B8%82%E6%96%B0%E4%B8%B0%E6%B1%9F%E5%A4%A7%E5%9D%9D_-_panoramio.jpg/1280px-%E6%B2%B3%E6%BA%90%E5%B8%82%E6%96%B0%E4%B8%B0%E6%B1%9F%E5%A4%A7%E5%9D%9D_-_panoramio.jpg?utm_source=commons.wikimedia.org&utm_campaign=index&utm_content=thumbnail
  -> [SocketCore.cc:1019] errorCode=1 SSL/TLS handshake failure: Error: 远程主机强迫关闭了一个现有的连接。
(2746)
2026-08-31 22:06:08.716118 [NOTICE] [RequestGroupMan.cc:424] Download GID#ddf95ad88f786f6b not complete: C:/Users/lizih/Documents/Paradox Interactive/Hearts of Iron IV/mod/TNO-submod-Dawn-Over-the-Pearl/output/imagegen/construction_previews/sources/07_mountain_reservoirs.jpg
2026-08-31 22:06:09.235171 [NOTICE] [HttpResponse.cc:168] CUID#10 - Redirecting to https://upload.wikimedia.org/wikipedia/commons/thumb/4/49/Panama_Canal_under_construction%2C_1907.jpg/1280px-Panama_Canal_under_construction%2C_1907.jpg?utm_source=commons.wikimedia.org&utm_campaign=index&utm_content=thumbnail
2026-08-31 22:06:29.618226 [ERROR] [AbstractCommand.cc:349] CUID#10 - Download aborted. URI=https://commons.wikimedia.org/wiki/Special:Redirect/file/Panama%20Canal%20under%20construction%2C%201907.jpg?width=1200
Exception: [AbstractCommand.cc:351] errorCode=1 URI=https://upload.wikimedia.org/wikipedia/commons/thumb/4/49/Panama_Canal_under_construction%2C_1907.jpg/1280px-Panama_Canal_under_construction%2C_1907.jpg?utm_source=commons.wikimedia.org&utm_campaign=index&utm_content=thumbnail
  -> [SocketCore.cc:1019] errorCode=1 SSL/TLS handshake failure: Error: 远程主机强迫关闭了一个现有的连接。
(2746)
2026-08-31 22:06:29.619030 [NOTICE] [RequestGroupMan.cc:424] Download GID#7e1c3a8e94fcf306 not complete: C:/Users/lizih/Documents/Paradox Interactive/Hearts of Iron IV/mod/TNO-submod-Dawn-Over-the-Pearl/output/imagegen/construction_previews/sources/09_pinglu_canal.jpg
2026-08-31 22:06:30.437435 [NOTICE] [HttpResponse.cc:168] CUID#12 - Redirecting to https://upload.wikimedia.org/wikipedia/commons/thumb/e/ea/Beverley-uranium-mine-plant.jpg/1280px-Beverley-uranium-mine-plant.jpg?utm_source=commons.wikimedia.org&utm_campaign=index&utm_content=thumbnail
2026-08-31 22:06:50.802073 [ERROR] [AbstractCommand.cc:349] CUID#12 - Download aborted. URI=https://commons.wikimedia.org/wiki/Special:Redirect/file/Beverley-uranium-mine-plant.jpg?width=1200
Exception: [AbstractCommand.cc:351] errorCode=1 URI=https://upload.wikimedia.org/wikipedia/commons/thumb/e/ea/Beverley-uranium-mine-plant.jpg/1280px-Beverley-uranium-mine-plant.jpg?utm_source=commons.wikimedia.org&utm_campaign=index&utm_content=thumbnail
  -> [SocketCore.cc:1019] errorCode=1 SSL/TLS handshake failure: Error: 远程主机强迫关闭了一个现有的连接。
(2746)
2026-08-31 22:06:50.803094 [NOTICE] [RequestGroupMan.cc:424] Download GID#ec71b50ea61e5f65 not complete: C:/Users/lizih/Documents/Paradox Interactive/Hearts of Iron IV/mod/TNO-submod-Dawn-Over-the-Pearl/output/imagegen/construction_previews/sources/19_granite_uranium_mining.jpg
2026-08-31 22:06:51.347645 [NOTICE] [HttpResponse.cc:168] CUID#14 - Redirecting to https://upload.wikimedia.org/wikipedia/commons/thumb/b/b5/Refinery%2C_Bayport_Industrial_Complex%2C_Harris_County%2C_Texas.jpg/1280px-Refinery%2C_Bayport_Industrial_Complex%2C_Harris_County%2C_Texas.jpg?utm_source=commons.wikimedia.org&utm_campaign=index&utm_content=thumbnail
2026-08-31 22:07:10.741106 [ERROR] [AbstractCommand.cc:349] CUID#14 - Download aborted. URI=https://commons.wikimedia.org/wiki/Special:Redirect/file/Refinery%2C%20Bayport%20Industrial%20Complex%2C%20Harris%20County%2C%20Texas.jpg?width=1200
Exception: [AbstractCommand.cc:351] errorCode=1 URI=https://upload.wikimedia.org/wikipedia/commons/thumb/b/b5/Refinery%2C_Bayport_Industrial_Complex%2C_Harris_County%2C_Texas.jpg/1280px-Refinery%2C_Bayport_Industrial_Complex%2C_Harris_County%2C_Texas.jpg?utm_source=commons.wikimedia.org&utm_campaign=index&utm_content=thumbnail
  -> [SocketCore.cc:1019] errorCode=1 SSL/TLS handshake failure: Error: 远程主机强迫关闭了一个现有的连接。
(2746)
2026-08-31 22:07:10.742064 [NOTICE] [RequestGroupMan.cc:424] Download GID#0a1073ca46b63339 not complete: C:/Users/lizih/Documents/Paradox Interactive/Hearts of Iron IV/mod/TNO-submod-Dawn-Over-the-Pearl/output/imagegen/construction_previews/sources/20_shale_oil_refineries.jpg
2026-08-31T22:08:16 fallback OK 07_mountain_reservoirs.jpg 157355 bytes 2.5s 61.4KiB/s
2026-08-31T22:08:18 fallback OK 09_pinglu_canal.jpg 450083 bytes 2.2s 200.4KiB/s
2026-08-31 22:10:26.114606 [NOTICE] [Context.cc:310] Downloading 1 item(s)
2026-08-31 22:10:29.711302 [ERROR] [AbstractCommand.cc:349] CUID#7 - Download aborted. URI=https://wsrv.nl/?url=upload.wikimedia.org%2Fwikipedia%2Fcommons%2Fe%2Fea%2FBeverley-uranium-mine-plant.jpg&w=1280&output=jpg
Exception: [AbstractCommand.cc:351] errorCode=3 URI=https://wsrv.nl/?url=upload.wikimedia.org%2Fwikipedia%2Fcommons%2Fe%2Fea%2FBeverley-uranium-mine-plant.jpg&w=1280&output=jpg
  -> [HttpSkipResponseCommand.cc:218] errorCode=3 Resource not found
2026-08-31 22:10:29.711302 [NOTICE] [RequestGroupMan.cc:424] Download GID#aca462d7df170ba9 not complete: C:/Users/lizih/Documents/Paradox Interactive/Hearts of Iron IV/mod/TNO-submod-Dawn-Over-the-Pearl/output/imagegen/construction_previews/sources/19_granite_uranium_mining.jpg
